------------------------------------------------------------
Timing Analyzer Summary
------------------------------------------------------------

Type  : Slow 1200mV 85C Model Setup 'clk_divider:c1|DFF0:dff_gen_label[18].dff_inst|data_out'
Slack : -2.353
TNS   : -33.286

Type  : Slow 1200mV 85C Model Setup 'clk_divider:c1|DFF0:dff_inst0|data_out'
Slack : -0.569
TNS   : -0.569

Type  : Slow 1200mV 85C Model Setup 'clk_divider:c1|DFF0:dff_gen_label[8].dff_inst|data_out'
Slack : -0.561
TNS   : -0.561

Type  : Slow 1200mV 85C Model Setup 'clk_divider:c1|DFF0:dff_gen_label[1].dff_inst|data_out'
Slack : -0.509
TNS   : -0.509

Type  : Slow 1200mV 85C Model Setup 'clk_divider:c1|DFF0:dff_gen_label[3].dff_inst|data_out'
Slack : -0.504
TNS   : -0.504

Type  : Slow 1200mV 85C Model Setup 'clk_divider:c1|DFF0:dff_gen_label[17].dff_inst|data_out'
Slack : -0.502
TNS   : -0.502

Type  : Slow 1200mV 85C Model Setup 'clk_divider:c1|DFF0:dff_gen_label[5].dff_inst|data_out'
Slack : -0.499
TNS   : -0.499

Type  : Slow 1200mV 85C Model Setup 'clk_divider:c1|DFF0:dff_gen_label[7].dff_inst|data_out'
Slack : -0.499
TNS   : -0.499

Type  : Slow 1200mV 85C Model Setup 'clock'
Slack : -0.496
TNS   : -0.496

Type  : Slow 1200mV 85C Model Setup 'clk_divider:c1|DFF0:dff_gen_label[9].dff_inst|data_out'
Slack : -0.493
TNS   : -0.493

Type  : Slow 1200mV 85C Model Setup 'clk_divider:c1|DFF0:dff_gen_label[16].dff_inst|data_out'
Slack : -0.466
TNS   : -0.466

Type  : Slow 1200mV 85C Model Setup 'clk_divider:c1|DFF0:dff_gen_label[14].dff_inst|data_out'
Slack : -0.417
TNS   : -0.417

Type  : Slow 1200mV 85C Model Setup 'clk_divider:c1|DFF0:dff_gen_label[10].dff_inst|data_out'
Slack : -0.379
TNS   : -0.379

Type  : Slow 1200mV 85C Model Setup 'clk_divider:c1|DFF0:dff_gen_label[15].dff_inst|data_out'
Slack : -0.367
TNS   : -0.367

Type  : Slow 1200mV 85C Model Setup 'clk_divider:c1|DFF0:dff_gen_label[13].dff_inst|data_out'
Slack : -0.350
TNS   : -0.350

Type  : Slow 1200mV 85C Model Setup 'clk_divider:c1|DFF0:dff_gen_label[6].dff_inst|data_out'
Slack : -0.347
TNS   : -0.347

Type  : Slow 1200mV 85C Model Setup 'clk_divider:c1|DFF0:dff_gen_label[2].dff_inst|data_out'
Slack : -0.344
TNS   : -0.344

Type  : Slow 1200mV 85C Model Setup 'clk_divider:c1|DFF0:dff_gen_label[12].dff_inst|data_out'
Slack : -0.328
TNS   : -0.328

Type  : Slow 1200mV 85C Model Setup 'clk_divider:c1|DFF0:dff_gen_label[4].dff_inst|data_out'
Slack : -0.321
TNS   : -0.321

Type  : Slow 1200mV 85C Model Setup 'clk_divider:c1|DFF0:dff_gen_label[11].dff_inst|data_out'
Slack : -0.313
TNS   : -0.313

Type  : Slow 1200mV 85C Model Setup 'Start_Stop'
Slack : 0.210
TNS   : 0.000

Type  : Slow 1200mV 85C Model Hold 'clk_divider:c1|DFF0:dff_gen_label[18].dff_inst|data_out'
Slack : 0.385
TNS   : 0.000

Type  : Slow 1200mV 85C Model Hold 'clk_divider:c1|DFF0:dff_gen_label[16].dff_inst|data_out'
Slack : 0.414
TNS   : 0.000

Type  : Slow 1200mV 85C Model Hold 'clk_divider:c1|DFF0:dff_gen_label[4].dff_inst|data_out'
Slack : 0.416
TNS   : 0.000

Type  : Slow 1200mV 85C Model Hold 'clk_divider:c1|DFF0:dff_gen_label[11].dff_inst|data_out'
Slack : 0.424
TNS   : 0.000

Type  : Slow 1200mV 85C Model Hold 'clk_divider:c1|DFF0:dff_gen_label[12].dff_inst|data_out'
Slack : 0.424
TNS   : 0.000

Type  : Slow 1200mV 85C Model Hold 'clk_divider:c1|DFF0:dff_gen_label[2].dff_inst|data_out'
Slack : 0.437
TNS   : 0.000

Type  : Slow 1200mV 85C Model Hold 'clk_divider:c1|DFF0:dff_gen_label[13].dff_inst|data_out'
Slack : 0.440
TNS   : 0.000

Type  : Slow 1200mV 85C Model Hold 'Start_Stop'
Slack : 0.445
TNS   : 0.000

Type  : Slow 1200mV 85C Model Hold 'clk_divider:c1|DFF0:dff_gen_label[6].dff_inst|data_out'
Slack : 0.451
TNS   : 0.000

Type  : Slow 1200mV 85C Model Hold 'clk_divider:c1|DFF0:dff_gen_label[15].dff_inst|data_out'
Slack : 0.459
TNS   : 0.000

Type  : Slow 1200mV 85C Model Hold 'clk_divider:c1|DFF0:dff_gen_label[17].dff_inst|data_out'
Slack : 0.465
TNS   : 0.000

Type  : Slow 1200mV 85C Model Hold 'clk_divider:c1|DFF0:dff_gen_label[10].dff_inst|data_out'
Slack : 0.466
TNS   : 0.000

Type  : Slow 1200mV 85C Model Hold 'clk_divider:c1|DFF0:dff_gen_label[9].dff_inst|data_out'
Slack : 0.475
TNS   : 0.000

Type  : Slow 1200mV 85C Model Hold 'clk_divider:c1|DFF0:dff_gen_label[7].dff_inst|data_out'
Slack : 0.476
TNS   : 0.000

Type  : Slow 1200mV 85C Model Hold 'clk_divider:c1|DFF0:dff_gen_label[5].dff_inst|data_out'
Slack : 0.488
TNS   : 0.000

Type  : Slow 1200mV 85C Model Hold 'clk_divider:c1|DFF0:dff_gen_label[3].dff_inst|data_out'
Slack : 0.490
TNS   : 0.000

Type  : Slow 1200mV 85C Model Hold 'clk_divider:c1|DFF0:dff_gen_label[1].dff_inst|data_out'
Slack : 0.504
TNS   : 0.000

Type  : Slow 1200mV 85C Model Hold 'clk_divider:c1|DFF0:dff_inst0|data_out'
Slack : 0.536
TNS   : 0.000

Type  : Slow 1200mV 85C Model Hold 'clk_divider:c1|DFF0:dff_gen_label[14].dff_inst|data_out'
Slack : 0.552
TNS   : 0.000

Type  : Slow 1200mV 85C Model Hold 'clock'
Slack : 0.553
TNS   : 0.000

Type  : Slow 1200mV 85C Model Hold 'clk_divider:c1|DFF0:dff_gen_label[8].dff_inst|data_out'
Slack : 0.557
TNS   : 0.000

Type  : Slow 1200mV 85C Model Minimum Pulse Width 'Start_Stop'
Slack : -3.000
TNS   : -4.285

Type  : Slow 1200mV 85C Model Minimum Pulse Width 'clock'
Slack : -3.000
TNS   : -4.285

Type  : Slow 1200mV 85C Model Minimum Pulse Width 'clk_divider:c1|DFF0:dff_gen_label[18].dff_inst|data_out'
Slack : -1.285
TNS   : -20.560

Type  : Slow 1200mV 85C Model Minimum Pulse Width 'clk_divider:c1|DFF0:dff_gen_label[10].dff_inst|data_out'
Slack : -1.285
TNS   : -1.285

Type  : Slow 1200mV 85C Model Minimum Pulse Width 'clk_divider:c1|DFF0:dff_gen_label[11].dff_inst|data_out'
Slack : -1.285
TNS   : -1.285

Type  : Slow 1200mV 85C Model Minimum Pulse Width 'clk_divider:c1|DFF0:dff_gen_label[12].dff_inst|data_out'
Slack : -1.285
TNS   : -1.285

Type  : Slow 1200mV 85C Model Minimum Pulse Width 'clk_divider:c1|DFF0:dff_gen_label[13].dff_inst|data_out'
Slack : -1.285
TNS   : -1.285

Type  : Slow 1200mV 85C Model Minimum Pulse Width 'clk_divider:c1|DFF0:dff_gen_label[14].dff_inst|data_out'
Slack : -1.285
TNS   : -1.285

Type  : Slow 1200mV 85C Model Minimum Pulse Width 'clk_divider:c1|DFF0:dff_gen_label[15].dff_inst|data_out'
Slack : -1.285
TNS   : -1.285

Type  : Slow 1200mV 85C Model Minimum Pulse Width 'clk_divider:c1|DFF0:dff_gen_label[16].dff_inst|data_out'
Slack : -1.285
TNS   : -1.285

Type  : Slow 1200mV 85C Model Minimum Pulse Width 'clk_divider:c1|DFF0:dff_gen_label[17].dff_inst|data_out'
Slack : -1.285
TNS   : -1.285

Type  : Slow 1200mV 85C Model Minimum Pulse Width 'clk_divider:c1|DFF0:dff_gen_label[1].dff_inst|data_out'
Slack : -1.285
TNS   : -1.285

Type  : Slow 1200mV 85C Model Minimum Pulse Width 'clk_divider:c1|DFF0:dff_gen_label[2].dff_inst|data_out'
Slack : -1.285
TNS   : -1.285

Type  : Slow 1200mV 85C Model Minimum Pulse Width 'clk_divider:c1|DFF0:dff_gen_label[3].dff_inst|data_out'
Slack : -1.285
TNS   : -1.285

Type  : Slow 1200mV 85C Model Minimum Pulse Width 'clk_divider:c1|DFF0:dff_gen_label[4].dff_inst|data_out'
Slack : -1.285
TNS   : -1.285

Type  : Slow 1200mV 85C Model Minimum Pulse Width 'clk_divider:c1|DFF0:dff_gen_label[5].dff_inst|data_out'
Slack : -1.285
TNS   : -1.285

Type  : Slow 1200mV 85C Model Minimum Pulse Width 'clk_divider:c1|DFF0:dff_gen_label[6].dff_inst|data_out'
Slack : -1.285
TNS   : -1.285

Type  : Slow 1200mV 85C Model Minimum Pulse Width 'clk_divider:c1|DFF0:dff_gen_label[7].dff_inst|data_out'
Slack : -1.285
TNS   : -1.285

Type  : Slow 1200mV 85C Model Minimum Pulse Width 'clk_divider:c1|DFF0:dff_gen_label[8].dff_inst|data_out'
Slack : -1.285
TNS   : -1.285

Type  : Slow 1200mV 85C Model Minimum Pulse Width 'clk_divider:c1|DFF0:dff_gen_label[9].dff_inst|data_out'
Slack : -1.285
TNS   : -1.285

Type  : Slow 1200mV 85C Model Minimum Pulse Width 'clk_divider:c1|DFF0:dff_inst0|data_out'
Slack : -1.285
TNS   : -1.285

Type  : Slow 1200mV 0C Model Setup 'clk_divider:c1|DFF0:dff_gen_label[18].dff_inst|data_out'
Slack : -2.208
TNS   : -31.357

Type  : Slow 1200mV 0C Model Setup 'clk_divider:c1|DFF0:dff_inst0|data_out'
Slack : -0.459
TNS   : -0.459

Type  : Slow 1200mV 0C Model Setup 'clk_divider:c1|DFF0:dff_gen_label[8].dff_inst|data_out'
Slack : -0.449
TNS   : -0.449

Type  : Slow 1200mV 0C Model Setup 'clk_divider:c1|DFF0:dff_gen_label[1].dff_inst|data_out'
Slack : -0.409
TNS   : -0.409

Type  : Slow 1200mV 0C Model Setup 'clk_divider:c1|DFF0:dff_gen_label[3].dff_inst|data_out'
Slack : -0.407
TNS   : -0.407

Type  : Slow 1200mV 0C Model Setup 'clk_divider:c1|DFF0:dff_gen_label[17].dff_inst|data_out'
Slack : -0.404
TNS   : -0.404

Type  : Slow 1200mV 0C Model Setup 'clk_divider:c1|DFF0:dff_gen_label[5].dff_inst|data_out'
Slack : -0.404
TNS   : -0.404

Type  : Slow 1200mV 0C Model Setup 'clk_divider:c1|DFF0:dff_gen_label[7].dff_inst|data_out'
Slack : -0.401
TNS   : -0.401

Type  : Slow 1200mV 0C Model Setup 'clock'
Slack : -0.400
TNS   : -0.400

Type  : Slow 1200mV 0C Model Setup 'clk_divider:c1|DFF0:dff_gen_label[9].dff_inst|data_out'
Slack : -0.396
TNS   : -0.396

Type  : Slow 1200mV 0C Model Setup 'clk_divider:c1|DFF0:dff_gen_label[16].dff_inst|data_out'
Slack : -0.369
TNS   : -0.369

Type  : Slow 1200mV 0C Model Setup 'clk_divider:c1|DFF0:dff_gen_label[14].dff_inst|data_out'
Slack : -0.331
TNS   : -0.331

Type  : Slow 1200mV 0C Model Setup 'clk_divider:c1|DFF0:dff_gen_label[10].dff_inst|data_out'
Slack : -0.292
TNS   : -0.292

Type  : Slow 1200mV 0C Model Setup 'clk_divider:c1|DFF0:dff_gen_label[15].dff_inst|data_out'
Slack : -0.283
TNS   : -0.283

Type  : Slow 1200mV 0C Model Setup 'clk_divider:c1|DFF0:dff_gen_label[13].dff_inst|data_out'
Slack : -0.272
TNS   : -0.272

Type  : Slow 1200mV 0C Model Setup 'clk_divider:c1|DFF0:dff_gen_label[6].dff_inst|data_out'
Slack : -0.260
TNS   : -0.260

Type  : Slow 1200mV 0C Model Setup 'clk_divider:c1|DFF0:dff_gen_label[2].dff_inst|data_out'
Slack : -0.258
TNS   : -0.258

Type  : Slow 1200mV 0C Model Setup 'clk_divider:c1|DFF0:dff_gen_label[12].dff_inst|data_out'
Slack : -0.244
TNS   : -0.244

Type  : Slow 1200mV 0C Model Setup 'clk_divider:c1|DFF0:dff_gen_label[11].dff_inst|data_out'
Slack : -0.243
TNS   : -0.243

Type  : Slow 1200mV 0C Model Setup 'clk_divider:c1|DFF0:dff_gen_label[4].dff_inst|data_out'
Slack : -0.238
TNS   : -0.238

Type  : Slow 1200mV 0C Model Setup 'Start_Stop'
Slack : 0.297
TNS   : 0.000

Type  : Slow 1200mV 0C Model Hold 'clk_divider:c1|DFF0:dff_gen_label[18].dff_inst|data_out'
Slack : 0.339
TNS   : 0.000

Type  : Slow 1200mV 0C Model Hold 'clk_divider:c1|DFF0:dff_gen_label[16].dff_inst|data_out'
Slack : 0.364
TNS   : 0.000

Type  : Slow 1200mV 0C Model Hold 'clk_divider:c1|DFF0:dff_gen_label[4].dff_inst|data_out'
Slack : 0.365
TNS   : 0.000

Type  : Slow 1200mV 0C Model Hold 'clk_divider:c1|DFF0:dff_gen_label[12].dff_inst|data_out'
Slack : 0.377
TNS   : 0.000

Type  : Slow 1200mV 0C Model Hold 'clk_divider:c1|DFF0:dff_gen_label[11].dff_inst|data_out'
Slack : 0.379
TNS   : 0.000

Type  : Slow 1200mV 0C Model Hold 'clk_divider:c1|DFF0:dff_gen_label[2].dff_inst|data_out'
Slack : 0.388
TNS   : 0.000

Type  : Slow 1200mV 0C Model Hold 'clk_divider:c1|DFF0:dff_gen_label[6].dff_inst|data_out'
Slack : 0.393
TNS   : 0.000

Type  : Slow 1200mV 0C Model Hold 'clk_divider:c1|DFF0:dff_gen_label[13].dff_inst|data_out'
Slack : 0.397
TNS   : 0.000

Type  : Slow 1200mV 0C Model Hold 'Start_Stop'
Slack : 0.398
TNS   : 0.000

Type  : Slow 1200mV 0C Model Hold 'clk_divider:c1|DFF0:dff_gen_label[10].dff_inst|data_out'
Slack : 0.411
TNS   : 0.000

Type  : Slow 1200mV 0C Model Hold 'clk_divider:c1|DFF0:dff_gen_label[17].dff_inst|data_out'
Slack : 0.412
TNS   : 0.000

Type  : Slow 1200mV 0C Model Hold 'clk_divider:c1|DFF0:dff_gen_label[15].dff_inst|data_out'
Slack : 0.418
TNS   : 0.000

Type  : Slow 1200mV 0C Model Hold 'clk_divider:c1|DFF0:dff_gen_label[9].dff_inst|data_out'
Slack : 0.423
TNS   : 0.000

Type  : Slow 1200mV 0C Model Hold 'clk_divider:c1|DFF0:dff_gen_label[7].dff_inst|data_out'
Slack : 0.428
TNS   : 0.000

Type  : Slow 1200mV 0C Model Hold 'clk_divider:c1|DFF0:dff_gen_label[3].dff_inst|data_out'
Slack : 0.438
TNS   : 0.000

Type  : Slow 1200mV 0C Model Hold 'clk_divider:c1|DFF0:dff_gen_label[5].dff_inst|data_out'
Slack : 0.440
TNS   : 0.000

Type  : Slow 1200mV 0C Model Hold 'clk_divider:c1|DFF0:dff_gen_label[1].dff_inst|data_out'
Slack : 0.450
TNS   : 0.000

Type  : Slow 1200mV 0C Model Hold 'clk_divider:c1|DFF0:dff_inst0|data_out'
Slack : 0.471
TNS   : 0.000

Type  : Slow 1200mV 0C Model Hold 'clock'
Slack : 0.476
TNS   : 0.000

Type  : Slow 1200mV 0C Model Hold 'clk_divider:c1|DFF0:dff_gen_label[8].dff_inst|data_out'
Slack : 0.484
TNS   : 0.000

Type  : Slow 1200mV 0C Model Hold 'clk_divider:c1|DFF0:dff_gen_label[14].dff_inst|data_out'
Slack : 0.497
TNS   : 0.000

Type  : Slow 1200mV 0C Model Minimum Pulse Width 'Start_Stop'
Slack : -3.000
TNS   : -4.285

Type  : Slow 1200mV 0C Model Minimum Pulse Width 'clock'
Slack : -3.000
TNS   : -4.285

Type  : Slow 1200mV 0C Model Minimum Pulse Width 'clk_divider:c1|DFF0:dff_gen_label[18].dff_inst|data_out'
Slack : -1.285
TNS   : -20.560

Type  : Slow 1200mV 0C Model Minimum Pulse Width 'clk_divider:c1|DFF0:dff_gen_label[10].dff_inst|data_out'
Slack : -1.285
TNS   : -1.285

Type  : Slow 1200mV 0C Model Minimum Pulse Width 'clk_divider:c1|DFF0:dff_gen_label[11].dff_inst|data_out'
Slack : -1.285
TNS   : -1.285

Type  : Slow 1200mV 0C Model Minimum Pulse Width 'clk_divider:c1|DFF0:dff_gen_label[12].dff_inst|data_out'
Slack : -1.285
TNS   : -1.285

Type  : Slow 1200mV 0C Model Minimum Pulse Width 'clk_divider:c1|DFF0:dff_gen_label[13].dff_inst|data_out'
Slack : -1.285
TNS   : -1.285

Type  : Slow 1200mV 0C Model Minimum Pulse Width 'clk_divider:c1|DFF0:dff_gen_label[14].dff_inst|data_out'
Slack : -1.285
TNS   : -1.285

Type  : Slow 1200mV 0C Model Minimum Pulse Width 'clk_divider:c1|DFF0:dff_gen_label[15].dff_inst|data_out'
Slack : -1.285
TNS   : -1.285

Type  : Slow 1200mV 0C Model Minimum Pulse Width 'clk_divider:c1|DFF0:dff_gen_label[16].dff_inst|data_out'
Slack : -1.285
TNS   : -1.285

Type  : Slow 1200mV 0C Model Minimum Pulse Width 'clk_divider:c1|DFF0:dff_gen_label[17].dff_inst|data_out'
Slack : -1.285
TNS   : -1.285

Type  : Slow 1200mV 0C Model Minimum Pulse Width 'clk_divider:c1|DFF0:dff_gen_label[1].dff_inst|data_out'
Slack : -1.285
TNS   : -1.285

Type  : Slow 1200mV 0C Model Minimum Pulse Width 'clk_divider:c1|DFF0:dff_gen_label[2].dff_inst|data_out'
Slack : -1.285
TNS   : -1.285

Type  : Slow 1200mV 0C Model Minimum Pulse Width 'clk_divider:c1|DFF0:dff_gen_label[3].dff_inst|data_out'
Slack : -1.285
TNS   : -1.285

Type  : Slow 1200mV 0C Model Minimum Pulse Width 'clk_divider:c1|DFF0:dff_gen_label[4].dff_inst|data_out'
Slack : -1.285
TNS   : -1.285

Type  : Slow 1200mV 0C Model Minimum Pulse Width 'clk_divider:c1|DFF0:dff_gen_label[5].dff_inst|data_out'
Slack : -1.285
TNS   : -1.285

Type  : Slow 1200mV 0C Model Minimum Pulse Width 'clk_divider:c1|DFF0:dff_gen_label[6].dff_inst|data_out'
Slack : -1.285
TNS   : -1.285

Type  : Slow 1200mV 0C Model Minimum Pulse Width 'clk_divider:c1|DFF0:dff_gen_label[7].dff_inst|data_out'
Slack : -1.285
TNS   : -1.285

Type  : Slow 1200mV 0C Model Minimum Pulse Width 'clk_divider:c1|DFF0:dff_gen_label[8].dff_inst|data_out'
Slack : -1.285
TNS   : -1.285

Type  : Slow 1200mV 0C Model Minimum Pulse Width 'clk_divider:c1|DFF0:dff_gen_label[9].dff_inst|data_out'
Slack : -1.285
TNS   : -1.285

Type  : Slow 1200mV 0C Model Minimum Pulse Width 'clk_divider:c1|DFF0:dff_inst0|data_out'
Slack : -1.285
TNS   : -1.285

Type  : Fast 1200mV 0C Model Setup 'clk_divider:c1|DFF0:dff_gen_label[18].dff_inst|data_out'
Slack : -0.574
TNS   : -6.787

Type  : Fast 1200mV 0C Model Setup 'clk_divider:c1|DFF0:dff_inst0|data_out'
Slack : -0.021
TNS   : -0.021

Type  : Fast 1200mV 0C Model Setup 'clk_divider:c1|DFF0:dff_gen_label[8].dff_inst|data_out'
Slack : -0.005
TNS   : -0.005

Type  : Fast 1200mV 0C Model Setup 'clk_divider:c1|DFF0:dff_gen_label[1].dff_inst|data_out'
Slack : 0.023
TNS   : 0.000

Type  : Fast 1200mV 0C Model Setup 'clk_divider:c1|DFF0:dff_gen_label[17].dff_inst|data_out'
Slack : 0.026
TNS   : 0.000

Type  : Fast 1200mV 0C Model Setup 'clk_divider:c1|DFF0:dff_gen_label[3].dff_inst|data_out'
Slack : 0.031
TNS   : 0.000

Type  : Fast 1200mV 0C Model Setup 'clk_divider:c1|DFF0:dff_gen_label[7].dff_inst|data_out'
Slack : 0.031
TNS   : 0.000

Type  : Fast 1200mV 0C Model Setup 'clk_divider:c1|DFF0:dff_gen_label[5].dff_inst|data_out'
Slack : 0.034
TNS   : 0.000

Type  : Fast 1200mV 0C Model Setup 'clk_divider:c1|DFF0:dff_gen_label[9].dff_inst|data_out'
Slack : 0.037
TNS   : 0.000

Type  : Fast 1200mV 0C Model Setup 'clk_divider:c1|DFF0:dff_gen_label[16].dff_inst|data_out'
Slack : 0.040
TNS   : 0.000

Type  : Fast 1200mV 0C Model Setup 'clock'
Slack : 0.070
TNS   : 0.000

Type  : Fast 1200mV 0C Model Setup 'clk_divider:c1|DFF0:dff_gen_label[14].dff_inst|data_out'
Slack : 0.079
TNS   : 0.000

Type  : Fast 1200mV 0C Model Setup 'clk_divider:c1|DFF0:dff_gen_label[10].dff_inst|data_out'
Slack : 0.085
TNS   : 0.000

Type  : Fast 1200mV 0C Model Setup 'clk_divider:c1|DFF0:dff_gen_label[15].dff_inst|data_out'
Slack : 0.097
TNS   : 0.000

Type  : Fast 1200mV 0C Model Setup 'clk_divider:c1|DFF0:dff_gen_label[2].dff_inst|data_out'
Slack : 0.099
TNS   : 0.000

Type  : Fast 1200mV 0C Model Setup 'clk_divider:c1|DFF0:dff_gen_label[6].dff_inst|data_out'
Slack : 0.100
TNS   : 0.000

Type  : Fast 1200mV 0C Model Setup 'clk_divider:c1|DFF0:dff_gen_label[13].dff_inst|data_out'
Slack : 0.104
TNS   : 0.000

Type  : Fast 1200mV 0C Model Setup 'clk_divider:c1|DFF0:dff_gen_label[12].dff_inst|data_out'
Slack : 0.107
TNS   : 0.000

Type  : Fast 1200mV 0C Model Setup 'clk_divider:c1|DFF0:dff_gen_label[4].dff_inst|data_out'
Slack : 0.113
TNS   : 0.000

Type  : Fast 1200mV 0C Model Setup 'clk_divider:c1|DFF0:dff_gen_label[11].dff_inst|data_out'
Slack : 0.131
TNS   : 0.000

Type  : Fast 1200mV 0C Model Setup 'Start_Stop'
Slack : 0.626
TNS   : 0.000

Type  : Fast 1200mV 0C Model Hold 'clk_divider:c1|DFF0:dff_gen_label[18].dff_inst|data_out'
Slack : 0.173
TNS   : 0.000

Type  : Fast 1200mV 0C Model Hold 'clk_divider:c1|DFF0:dff_gen_label[4].dff_inst|data_out'
Slack : 0.198
TNS   : 0.000

Type  : Fast 1200mV 0C Model Hold 'clk_divider:c1|DFF0:dff_gen_label[12].dff_inst|data_out'
Slack : 0.203
TNS   : 0.000

Type  : Fast 1200mV 0C Model Hold 'clk_divider:c1|DFF0:dff_gen_label[11].dff_inst|data_out'
Slack : 0.204
TNS   : 0.000

Type  : Fast 1200mV 0C Model Hold 'clk_divider:c1|DFF0:dff_gen_label[16].dff_inst|data_out'
Slack : 0.204
TNS   : 0.000

Type  : Fast 1200mV 0C Model Hold 'clk_divider:c1|DFF0:dff_gen_label[13].dff_inst|data_out'
Slack : 0.205
TNS   : 0.000

Type  : Fast 1200mV 0C Model Hold 'Start_Stop'
Slack : 0.208
TNS   : 0.000

Type  : Fast 1200mV 0C Model Hold 'clk_divider:c1|DFF0:dff_gen_label[15].dff_inst|data_out'
Slack : 0.208
TNS   : 0.000

Type  : Fast 1200mV 0C Model Hold 'clk_divider:c1|DFF0:dff_gen_label[17].dff_inst|data_out'
Slack : 0.210
TNS   : 0.000

Type  : Fast 1200mV 0C Model Hold 'clk_divider:c1|DFF0:dff_gen_label[2].dff_inst|data_out'
Slack : 0.210
TNS   : 0.000

Type  : Fast 1200mV 0C Model Hold 'clk_divider:c1|DFF0:dff_gen_label[6].dff_inst|data_out'
Slack : 0.210
TNS   : 0.000

Type  : Fast 1200mV 0C Model Hold 'clock'
Slack : 0.215
TNS   : 0.000

Type  : Fast 1200mV 0C Model Hold 'clk_divider:c1|DFF0:dff_gen_label[9].dff_inst|data_out'
Slack : 0.219
TNS   : 0.000

Type  : Fast 1200mV 0C Model Hold 'clk_divider:c1|DFF0:dff_gen_label[7].dff_inst|data_out'
Slack : 0.222
TNS   : 0.000

Type  : Fast 1200mV 0C Model Hold 'clk_divider:c1|DFF0:dff_gen_label[10].dff_inst|data_out'
Slack : 0.225
TNS   : 0.000

Type  : Fast 1200mV 0C Model Hold 'clk_divider:c1|DFF0:dff_gen_label[5].dff_inst|data_out'
Slack : 0.225
TNS   : 0.000

Type  : Fast 1200mV 0C Model Hold 'clk_divider:c1|DFF0:dff_gen_label[3].dff_inst|data_out'
Slack : 0.229
TNS   : 0.000

Type  : Fast 1200mV 0C Model Hold 'clk_divider:c1|DFF0:dff_gen_label[1].dff_inst|data_out'
Slack : 0.234
TNS   : 0.000

Type  : Fast 1200mV 0C Model Hold 'clk_divider:c1|DFF0:dff_inst0|data_out'
Slack : 0.265
TNS   : 0.000

Type  : Fast 1200mV 0C Model Hold 'clk_divider:c1|DFF0:dff_gen_label[14].dff_inst|data_out'
Slack : 0.266
TNS   : 0.000

Type  : Fast 1200mV 0C Model Hold 'clk_divider:c1|DFF0:dff_gen_label[8].dff_inst|data_out'
Slack : 0.284
TNS   : 0.000

Type  : Fast 1200mV 0C Model Minimum Pulse Width 'Start_Stop'
Slack : -3.000
TNS   : -4.306

Type  : Fast 1200mV 0C Model Minimum Pulse Width 'clock'
Slack : -3.000
TNS   : -4.036

Type  : Fast 1200mV 0C Model Minimum Pulse Width 'clk_divider:c1|DFF0:dff_gen_label[18].dff_inst|data_out'
Slack : -1.000
TNS   : -16.000

Type  : Fast 1200mV 0C Model Minimum Pulse Width 'clk_divider:c1|DFF0:dff_gen_label[10].dff_inst|data_out'
Slack : -1.000
TNS   : -1.000

Type  : Fast 1200mV 0C Model Minimum Pulse Width 'clk_divider:c1|DFF0:dff_gen_label[11].dff_inst|data_out'
Slack : -1.000
TNS   : -1.000

Type  : Fast 1200mV 0C Model Minimum Pulse Width 'clk_divider:c1|DFF0:dff_gen_label[12].dff_inst|data_out'
Slack : -1.000
TNS   : -1.000

Type  : Fast 1200mV 0C Model Minimum Pulse Width 'clk_divider:c1|DFF0:dff_gen_label[13].dff_inst|data_out'
Slack : -1.000
TNS   : -1.000

Type  : Fast 1200mV 0C Model Minimum Pulse Width 'clk_divider:c1|DFF0:dff_gen_label[14].dff_inst|data_out'
Slack : -1.000
TNS   : -1.000

Type  : Fast 1200mV 0C Model Minimum Pulse Width 'clk_divider:c1|DFF0:dff_gen_label[15].dff_inst|data_out'
Slack : -1.000
TNS   : -1.000

Type  : Fast 1200mV 0C Model Minimum Pulse Width 'clk_divider:c1|DFF0:dff_gen_label[16].dff_inst|data_out'
Slack : -1.000
TNS   : -1.000

Type  : Fast 1200mV 0C Model Minimum Pulse Width 'clk_divider:c1|DFF0:dff_gen_label[17].dff_inst|data_out'
Slack : -1.000
TNS   : -1.000

Type  : Fast 1200mV 0C Model Minimum Pulse Width 'clk_divider:c1|DFF0:dff_gen_label[1].dff_inst|data_out'
Slack : -1.000
TNS   : -1.000

Type  : Fast 1200mV 0C Model Minimum Pulse Width 'clk_divider:c1|DFF0:dff_gen_label[2].dff_inst|data_out'
Slack : -1.000
TNS   : -1.000

Type  : Fast 1200mV 0C Model Minimum Pulse Width 'clk_divider:c1|DFF0:dff_gen_label[3].dff_inst|data_out'
Slack : -1.000
TNS   : -1.000

Type  : Fast 1200mV 0C Model Minimum Pulse Width 'clk_divider:c1|DFF0:dff_gen_label[4].dff_inst|data_out'
Slack : -1.000
TNS   : -1.000

Type  : Fast 1200mV 0C Model Minimum Pulse Width 'clk_divider:c1|DFF0:dff_gen_label[5].dff_inst|data_out'
Slack : -1.000
TNS   : -1.000

Type  : Fast 1200mV 0C Model Minimum Pulse Width 'clk_divider:c1|DFF0:dff_gen_label[6].dff_inst|data_out'
Slack : -1.000
TNS   : -1.000

Type  : Fast 1200mV 0C Model Minimum Pulse Width 'clk_divider:c1|DFF0:dff_gen_label[7].dff_inst|data_out'
Slack : -1.000
TNS   : -1.000

Type  : Fast 1200mV 0C Model Minimum Pulse Width 'clk_divider:c1|DFF0:dff_gen_label[8].dff_inst|data_out'
Slack : -1.000
TNS   : -1.000

Type  : Fast 1200mV 0C Model Minimum Pulse Width 'clk_divider:c1|DFF0:dff_gen_label[9].dff_inst|data_out'
Slack : -1.000
TNS   : -1.000

Type  : Fast 1200mV 0C Model Minimum Pulse Width 'clk_divider:c1|DFF0:dff_inst0|data_out'
Slack : -1.000
TNS   : -1.000

------------------------------------------------------------
