Analysis & Synthesis report for dldFinal
Mon Nov 21 17:14:51 2022
Quartus Prime Version 21.1.1 Build 850 06/23/2022 SJ Lite Edition


---------------------
; Table of Contents ;
---------------------
  1. Legal Notice
  2. Analysis & Synthesis Summary
  3. Analysis & Synthesis Settings
  4. Parallel Compilation
  5. Analysis & Synthesis Source Files Read
  6. Analysis & Synthesis Resource Usage Summary
  7. Analysis & Synthesis Resource Utilization by Entity
  8. General Register Statistics
  9. Port Connectivity Checks: "oneDisplayC6:A1|mod6Count:G2|fourBitRippleCarry:G2"
 10. Port Connectivity Checks: "oneDisplay:D1|mod10Count:G2|fourBitRippleCarry:G2"
 11. Port Connectivity Checks: "TFF0:T1"
 12. Port Connectivity Checks: "clk_divider:c1"
 13. Post-Synthesis Netlist Statistics for Top Partition
 14. Elapsed Time Per Partition
 15. Analysis & Synthesis Messages
 16. Analysis & Synthesis Suppressed Messages



----------------
; Legal Notice ;
----------------
Copyright (C) 2022  Intel Corporation. All rights reserved.
Your use of Intel Corporation's design tools, logic functions 
and other software and tools, and any partner logic 
functions, and any output files from any of the foregoing 
(including device programming or simulation files), and any 
associated documentation or information are expressly subject 
to the terms and conditions of the Intel Program License 
Subscription Agreement, the Intel Quartus Prime License Agreement,
the Intel FPGA IP License Agreement, or other applicable license
agreement, including, without limitation, that your use is for
the sole purpose of programming logic devices manufactured by
Intel and sold by Intel or its authorized distributors.  Please
refer to the applicable agreement for further details, at
https://fpgasoftware.intel.com/eula.



+----------------------------------------------------------------------------------+
; Analysis & Synthesis Summary                                                     ;
+------------------------------------+---------------------------------------------+
; Analysis & Synthesis Status        ; Successful - Mon Nov 21 17:14:50 2022       ;
; Quartus Prime Version              ; 21.1.1 Build 850 06/23/2022 SJ Lite Edition ;
; Revision Name                      ; dldFinal                                    ;
; Top-level Entity Name              ; finalOutput                                 ;
; Family                             ; Cyclone IV E                                ;
; Total logic elements               ; 82                                          ;
;     Total combinational functions  ; 82                                          ;
;     Dedicated logic registers      ; 36                                          ;
; Total registers                    ; 36                                          ;
; Total pins                         ; 31                                          ;
; Total virtual pins                 ; 0                                           ;
; Total memory bits                  ; 0                                           ;
; Embedded Multiplier 9-bit elements ; 0                                           ;
; Total PLLs                         ; 0                                           ;
+------------------------------------+---------------------------------------------+


+------------------------------------------------------------------------------------------------------------+
; Analysis & Synthesis Settings                                                                              ;
+------------------------------------------------------------------+--------------------+--------------------+
; Option                                                           ; Setting            ; Default Value      ;
+------------------------------------------------------------------+--------------------+--------------------+
; Device                                                           ; EP4CE115F29C7      ;                    ;
; Top-level entity name                                            ; finalOutput        ; dldFinal           ;
; Family name                                                      ; Cyclone IV E       ; Cyclone V          ;
; Use smart compilation                                            ; Off                ; Off                ;
; Enable parallel Assembler and Timing Analyzer during compilation ; On                 ; On                 ;
; Enable compact report table                                      ; Off                ; Off                ;
; Restructure Multiplexers                                         ; Auto               ; Auto               ;
; Create Debugging Nodes for IP Cores                              ; Off                ; Off                ;
; Preserve fewer node names                                        ; On                 ; On                 ;
; Intel FPGA IP Evaluation Mode                                    ; Enable             ; Enable             ;
; Verilog Version                                                  ; Verilog_2001       ; Verilog_2001       ;
; VHDL Version                                                     ; VHDL_1993          ; VHDL_1993          ;
; State Machine Processing                                         ; Auto               ; Auto               ;
; Safe State Machine                                               ; Off                ; Off                ;
; Extract Verilog State Machines                                   ; On                 ; On                 ;
; Extract VHDL State Machines                                      ; On                 ; On                 ;
; Ignore Verilog initial constructs                                ; Off                ; Off                ;
; Iteration limit for constant Verilog loops                       ; 5000               ; 5000               ;
; Iteration limit for non-constant Verilog loops                   ; 250                ; 250                ;
; Add Pass-Through Logic to Inferred RAMs                          ; On                 ; On                 ;
; Infer RAMs from Raw Logic                                        ; On                 ; On                 ;
; Parallel Synthesis                                               ; On                 ; On                 ;
; DSP Block Balancing                                              ; Auto               ; Auto               ;
; NOT Gate Push-Back                                               ; On                 ; On                 ;
; Power-Up Don't Care                                              ; On                 ; On                 ;
; Remove Redundant Logic Cells                                     ; Off                ; Off                ;
; Remove Duplicate Registers                                       ; On                 ; On                 ;
; Ignore CARRY Buffers                                             ; Off                ; Off                ;
; Ignore CASCADE Buffers                                           ; Off                ; Off                ;
; Ignore GLOBAL Buffers                                            ; Off                ; Off                ;
; Ignore ROW GLOBAL Buffers                                        ; Off                ; Off                ;
; Ignore LCELL Buffers                                             ; Off                ; Off                ;
; Ignore SOFT Buffers                                              ; On                 ; On                 ;
; Limit AHDL Integers to 32 Bits                                   ; Off                ; Off                ;
; Optimization Technique                                           ; Balanced           ; Balanced           ;
; Carry Chain Length                                               ; 70                 ; 70                 ;
; Auto Carry Chains                                                ; On                 ; On                 ;
; Auto Open-Drain Pins                                             ; On                 ; On                 ;
; Perform WYSIWYG Primitive Resynthesis                            ; Off                ; Off                ;
; Auto ROM Replacement                                             ; On                 ; On                 ;
; Auto RAM Replacement                                             ; On                 ; On                 ;
; Auto DSP Block Replacement                                       ; On                 ; On                 ;
; Auto Shift Register Replacement                                  ; Auto               ; Auto               ;
; Allow Shift Register Merging across Hierarchies                  ; Auto               ; Auto               ;
; Auto Clock Enable Replacement                                    ; On                 ; On                 ;
; Strict RAM Replacement                                           ; Off                ; Off                ;
; Allow Synchronous Control Signals                                ; On                 ; On                 ;
; Force Use of Synchronous Clear Signals                           ; Off                ; Off                ;
; Auto RAM Block Balancing                                         ; On                 ; On                 ;
; Auto RAM to Logic Cell Conversion                                ; Off                ; Off                ;
; Auto Resource Sharing                                            ; Off                ; Off                ;
; Allow Any RAM Size For Recognition                               ; Off                ; Off                ;
; Allow Any ROM Size For Recognition                               ; Off                ; Off                ;
; Allow Any Shift Register Size For Recognition                    ; Off                ; Off                ;
; Use LogicLock Constraints during Resource Balancing              ; On                 ; On                 ;
; Ignore translate_off and synthesis_off directives                ; Off                ; Off                ;
; Timing-Driven Synthesis                                          ; On                 ; On                 ;
; Report Parameter Settings                                        ; On                 ; On                 ;
; Report Source Assignments                                        ; On                 ; On                 ;
; Report Connectivity Checks                                       ; On                 ; On                 ;
; Ignore Maximum Fan-Out Assignments                               ; Off                ; Off                ;
; Synchronization Register Chain Length                            ; 2                  ; 2                  ;
; Power Optimization During Synthesis                              ; Normal compilation ; Normal compilation ;
; HDL message level                                                ; Level2             ; Level2             ;
; Suppress Register Optimization Related Messages                  ; Off                ; Off                ;
; Number of Removed Registers Reported in Synthesis Report         ; 5000               ; 5000               ;
; Number of Swept Nodes Reported in Synthesis Report               ; 5000               ; 5000               ;
; Number of Inverted Registers Reported in Synthesis Report        ; 100                ; 100                ;
; Clock MUX Protection                                             ; On                 ; On                 ;
; Auto Gated Clock Conversion                                      ; Off                ; Off                ;
; Block Design Naming                                              ; Auto               ; Auto               ;
; SDC constraint protection                                        ; Off                ; Off                ;
; Synthesis Effort                                                 ; Auto               ; Auto               ;
; Shift Register Replacement - Allow Asynchronous Clear Signal     ; On                 ; On                 ;
; Pre-Mapping Resynthesis Optimization                             ; Off                ; Off                ;
; Analysis & Synthesis Message Level                               ; Medium             ; Medium             ;
; Disable Register Merging Across Hierarchies                      ; Auto               ; Auto               ;
; Resource Aware Inference For Block RAM                           ; On                 ; On                 ;
+------------------------------------------------------------------+--------------------+--------------------+


+------------------------------------------+
; Parallel Compilation                     ;
+----------------------------+-------------+
; Processors                 ; Number      ;
+----------------------------+-------------+
; Number detected on machine ; 8           ;
; Maximum allowed            ; 4           ;
;                            ;             ;
; Average used               ; 1.00        ;
; Maximum used               ; 4           ;
;                            ;             ;
; Usage by Processor         ; % Time Used ;
;     Processor 1            ; 100.0%      ;
;     Processor 2            ;   0.0%      ;
;     Processors 3-4         ;   0.0%      ;
+----------------------------+-------------+


+---------------------------------------------------------------------------------------------------------------------------------+
; Analysis & Synthesis Source Files Read                                                                                          ;
+----------------------------------+-----------------+------------------------+-----------------------------------------+---------+
; File Name with User-Entered Path ; Used in Netlist ; File Type              ; File Name with Absolute Path            ; Library ;
+----------------------------------+-----------------+------------------------+-----------------------------------------+---------+
; TFlipflop.v                      ; yes             ; User Verilog HDL File  ; D:/dldFinalQuartus/TFlipflop.v          ;         ;
; oneDisplayC6.v                   ; yes             ; User Verilog HDL File  ; D:/dldFinalQuartus/oneDisplayC6.v       ;         ;
; mod6Count.v                      ; yes             ; User Verilog HDL File  ; D:/dldFinalQuartus/mod6Count.v          ;         ;
; finalOutput.v                    ; yes             ; User Verilog HDL File  ; D:/dldFinalQuartus/finalOutput.v        ;         ;
; DFlipflop.v                      ; yes             ; User Verilog HDL File  ; D:/dldFinalQuartus/DFlipflop.v          ;         ;
; Clk_divider.v                    ; yes             ; User Verilog HDL File  ; D:/dldFinalQuartus/Clk_divider.v        ;         ;
; oneDisplay.v                     ; yes             ; User Verilog HDL File  ; D:/dldFinalQuartus/oneDisplay.v         ;         ;
; BCDtoSevenSegment.v              ; yes             ; User Verilog HDL File  ; D:/dldFinalQuartus/BCDtoSevenSegment.v  ;         ;
; half_adder.v                     ; yes             ; User Verilog HDL File  ; D:/dldFinalQuartus/half_adder.v         ;         ;
; fourBitRippleCarry.v             ; yes             ; User Verilog HDL File  ; D:/dldFinalQuartus/fourBitRippleCarry.v ;         ;
; mod10Count.v                     ; yes             ; User Verilog HDL File  ; D:/dldFinalQuartus/mod10Count.v         ;         ;
+----------------------------------+-----------------+------------------------+-----------------------------------------+---------+


+-------------------------------------------------------------------------------------------------------+
; Analysis & Synthesis Resource Usage Summary                                                           ;
+---------------------------------------------+---------------------------------------------------------+
; Resource                                    ; Usage                                                   ;
+---------------------------------------------+---------------------------------------------------------+
; Estimated Total logic elements              ; 82                                                      ;
;                                             ;                                                         ;
; Total combinational functions               ; 82                                                      ;
; Logic element usage by number of LUT inputs ;                                                         ;
;     -- 4 input functions                    ; 34                                                      ;
;     -- 3 input functions                    ; 27                                                      ;
;     -- <=2 input functions                  ; 21                                                      ;
;                                             ;                                                         ;
; Logic elements by mode                      ;                                                         ;
;     -- normal mode                          ; 82                                                      ;
;     -- arithmetic mode                      ; 0                                                       ;
;                                             ;                                                         ;
; Total registers                             ; 36                                                      ;
;     -- Dedicated logic registers            ; 36                                                      ;
;     -- I/O registers                        ; 0                                                       ;
;                                             ;                                                         ;
; I/O pins                                    ; 31                                                      ;
;                                             ;                                                         ;
; Embedded Multiplier 9-bit elements          ; 0                                                       ;
;                                             ;                                                         ;
; Maximum fan-out node                        ; clk_divider:c1|DFF0:dff_gen_label[18].dff_inst|data_out ;
; Maximum fan-out                             ; 17                                                      ;
; Total fan-out                               ; 370                                                     ;
; Average fan-out                             ; 2.06                                                    ;
+---------------------------------------------+---------------------------------------------------------+


+----------------------------------------------------------------------------------------------------------------------------------------------------------------------------------------------------------------------------------------------------------------------------------------+
; Analysis & Synthesis Resource Utilization by Entity                                                                                                                                                                                                                                    ;
+-----------------------------------------+---------------------+---------------------------+-------------+--------------+---------+-----------+------+--------------+-------------------------------------------------------------------------------+--------------------+--------------+
; Compilation Hierarchy Node              ; Combinational ALUTs ; Dedicated Logic Registers ; Memory Bits ; DSP Elements ; DSP 9x9 ; DSP 18x18 ; Pins ; Virtual Pins ; Full Hierarchy Name                                                           ; Entity Name        ; Library Name ;
+-----------------------------------------+---------------------+---------------------------+-------------+--------------+---------+-----------+------+--------------+-------------------------------------------------------------------------------+--------------------+--------------+
; |finalOutput                            ; 82 (6)              ; 36 (0)                    ; 0           ; 0            ; 0       ; 0         ; 31   ; 0            ; |finalOutput                                                                  ; finalOutput        ; work         ;
;    |TFF0:T1|                            ; 1 (1)               ; 1 (1)                     ; 0           ; 0            ; 0       ; 0         ; 0    ; 0            ; |finalOutput|TFF0:T1                                                          ; TFF0               ; work         ;
;    |clk_divider:c1|                     ; 19 (0)              ; 19 (0)                    ; 0           ; 0            ; 0       ; 0         ; 0    ; 0            ; |finalOutput|clk_divider:c1                                                   ; clk_divider        ; work         ;
;       |DFF0:dff_gen_label[10].dff_inst| ; 1 (1)               ; 1 (1)                     ; 0           ; 0            ; 0       ; 0         ; 0    ; 0            ; |finalOutput|clk_divider:c1|DFF0:dff_gen_label[10].dff_inst                   ; DFF0               ; work         ;
;       |DFF0:dff_gen_label[11].dff_inst| ; 1 (1)               ; 1 (1)                     ; 0           ; 0            ; 0       ; 0         ; 0    ; 0            ; |finalOutput|clk_divider:c1|DFF0:dff_gen_label[11].dff_inst                   ; DFF0               ; work         ;
;       |DFF0:dff_gen_label[12].dff_inst| ; 1 (1)               ; 1 (1)                     ; 0           ; 0            ; 0       ; 0         ; 0    ; 0            ; |finalOutput|clk_divider:c1|DFF0:dff_gen_label[12].dff_inst                   ; DFF0               ; work         ;
;       |DFF0:dff_gen_label[13].dff_inst| ; 1 (1)               ; 1 (1)                     ; 0           ; 0            ; 0       ; 0         ; 0    ; 0            ; |finalOutput|clk_divider:c1|DFF0:dff_gen_label[13].dff_inst                   ; DFF0               ; work         ;
;       |DFF0:dff_gen_label[14].dff_inst| ; 1 (1)               ; 1 (1)                     ; 0           ; 0            ; 0       ; 0         ; 0    ; 0            ; |finalOutput|clk_divider:c1|DFF0:dff_gen_label[14].dff_inst                   ; DFF0               ; work         ;
;       |DFF0:dff_gen_label[15].dff_inst| ; 1 (1)               ; 1 (1)                     ; 0           ; 0            ; 0       ; 0         ; 0    ; 0            ; |finalOutput|clk_divider:c1|DFF0:dff_gen_label[15].dff_inst                   ; DFF0               ; work         ;
;       |DFF0:dff_gen_label[16].dff_inst| ; 1 (1)               ; 1 (1)                     ; 0           ; 0            ; 0       ; 0         ; 0    ; 0            ; |finalOutput|clk_divider:c1|DFF0:dff_gen_label[16].dff_inst                   ; DFF0               ; work         ;
;       |DFF0:dff_gen_label[17].dff_inst| ; 1 (1)               ; 1 (1)                     ; 0           ; 0            ; 0       ; 0         ; 0    ; 0            ; |finalOutput|clk_divider:c1|DFF0:dff_gen_label[17].dff_inst                   ; DFF0               ; work         ;
;       |DFF0:dff_gen_label[18].dff_inst| ; 1 (1)               ; 1 (1)                     ; 0           ; 0            ; 0       ; 0         ; 0    ; 0            ; |finalOutput|clk_divider:c1|DFF0:dff_gen_label[18].dff_inst                   ; DFF0               ; work         ;
;       |DFF0:dff_gen_label[1].dff_inst|  ; 1 (1)               ; 1 (1)                     ; 0           ; 0            ; 0       ; 0         ; 0    ; 0            ; |finalOutput|clk_divider:c1|DFF0:dff_gen_label[1].dff_inst                    ; DFF0               ; work         ;
;       |DFF0:dff_gen_label[2].dff_inst|  ; 1 (1)               ; 1 (1)                     ; 0           ; 0            ; 0       ; 0         ; 0    ; 0            ; |finalOutput|clk_divider:c1|DFF0:dff_gen_label[2].dff_inst                    ; DFF0               ; work         ;
;       |DFF0:dff_gen_label[3].dff_inst|  ; 1 (1)               ; 1 (1)                     ; 0           ; 0            ; 0       ; 0         ; 0    ; 0            ; |finalOutput|clk_divider:c1|DFF0:dff_gen_label[3].dff_inst                    ; DFF0               ; work         ;
;       |DFF0:dff_gen_label[4].dff_inst|  ; 1 (1)               ; 1 (1)                     ; 0           ; 0            ; 0       ; 0         ; 0    ; 0            ; |finalOutput|clk_divider:c1|DFF0:dff_gen_label[4].dff_inst                    ; DFF0               ; work         ;
;       |DFF0:dff_gen_label[5].dff_inst|  ; 1 (1)               ; 1 (1)                     ; 0           ; 0            ; 0       ; 0         ; 0    ; 0            ; |finalOutput|clk_divider:c1|DFF0:dff_gen_label[5].dff_inst                    ; DFF0               ; work         ;
;       |DFF0:dff_gen_label[6].dff_inst|  ; 1 (1)               ; 1 (1)                     ; 0           ; 0            ; 0       ; 0         ; 0    ; 0            ; |finalOutput|clk_divider:c1|DFF0:dff_gen_label[6].dff_inst                    ; DFF0               ; work         ;
;       |DFF0:dff_gen_label[7].dff_inst|  ; 1 (1)               ; 1 (1)                     ; 0           ; 0            ; 0       ; 0         ; 0    ; 0            ; |finalOutput|clk_divider:c1|DFF0:dff_gen_label[7].dff_inst                    ; DFF0               ; work         ;
;       |DFF0:dff_gen_label[8].dff_inst|  ; 1 (1)               ; 1 (1)                     ; 0           ; 0            ; 0       ; 0         ; 0    ; 0            ; |finalOutput|clk_divider:c1|DFF0:dff_gen_label[8].dff_inst                    ; DFF0               ; work         ;
;       |DFF0:dff_gen_label[9].dff_inst|  ; 1 (1)               ; 1 (1)                     ; 0           ; 0            ; 0       ; 0         ; 0    ; 0            ; |finalOutput|clk_divider:c1|DFF0:dff_gen_label[9].dff_inst                    ; DFF0               ; work         ;
;       |DFF0:dff_inst0|                  ; 1 (1)               ; 1 (1)                     ; 0           ; 0            ; 0       ; 0         ; 0    ; 0            ; |finalOutput|clk_divider:c1|DFF0:dff_inst0                                    ; DFF0               ; work         ;
;    |oneDisplay:B1|                      ; 14 (0)              ; 4 (0)                     ; 0           ; 0            ; 0       ; 0         ; 0    ; 0            ; |finalOutput|oneDisplay:B1                                                    ; oneDisplay         ; work         ;
;       |BCDtoSevenSegment:G3|            ; 7 (7)               ; 0 (0)                     ; 0           ; 0            ; 0       ; 0         ; 0    ; 0            ; |finalOutput|oneDisplay:B1|BCDtoSevenSegment:G3                               ; BCDtoSevenSegment  ; work         ;
;       |mod10Count:G2|                   ; 7 (0)               ; 4 (0)                     ; 0           ; 0            ; 0       ; 0         ; 0    ; 0            ; |finalOutput|oneDisplay:B1|mod10Count:G2                                      ; mod10Count         ; work         ;
;          |fourBitRippleCarry:G2|        ; 2 (0)               ; 0 (0)                     ; 0           ; 0            ; 0       ; 0         ; 0    ; 0            ; |finalOutput|oneDisplay:B1|mod10Count:G2|fourBitRippleCarry:G2                ; fourBitRippleCarry ; work         ;
;             |half_adder:g2|             ; 2 (2)               ; 0 (0)                     ; 0           ; 0            ; 0       ; 0         ; 0    ; 0            ; |finalOutput|oneDisplay:B1|mod10Count:G2|fourBitRippleCarry:G2|half_adder:g2  ; half_adder         ; work         ;
;          |fourByDFF1:m101|              ; 5 (0)               ; 4 (0)                     ; 0           ; 0            ; 0       ; 0         ; 0    ; 0            ; |finalOutput|oneDisplay:B1|mod10Count:G2|fourByDFF1:m101                      ; fourByDFF1         ; work         ;
;             |DFF0:d1|                   ; 1 (1)               ; 1 (1)                     ; 0           ; 0            ; 0       ; 0         ; 0    ; 0            ; |finalOutput|oneDisplay:B1|mod10Count:G2|fourByDFF1:m101|DFF0:d1              ; DFF0               ; work         ;
;             |DFF0:d2|                   ; 2 (2)               ; 1 (1)                     ; 0           ; 0            ; 0       ; 0         ; 0    ; 0            ; |finalOutput|oneDisplay:B1|mod10Count:G2|fourByDFF1:m101|DFF0:d2              ; DFF0               ; work         ;
;             |DFF0:d3|                   ; 1 (1)               ; 1 (1)                     ; 0           ; 0            ; 0       ; 0         ; 0    ; 0            ; |finalOutput|oneDisplay:B1|mod10Count:G2|fourByDFF1:m101|DFF0:d3              ; DFF0               ; work         ;
;             |DFF0:d4|                   ; 1 (1)               ; 1 (1)                     ; 0           ; 0            ; 0       ; 0         ; 0    ; 0            ; |finalOutput|oneDisplay:B1|mod10Count:G2|fourByDFF1:m101|DFF0:d4              ; DFF0               ; work         ;
;    |oneDisplay:C1|                      ; 14 (0)              ; 4 (0)                     ; 0           ; 0            ; 0       ; 0         ; 0    ; 0            ; |finalOutput|oneDisplay:C1                                                    ; oneDisplay         ; work         ;
;       |BCDtoSevenSegment:G3|            ; 7 (7)               ; 0 (0)                     ; 0           ; 0            ; 0       ; 0         ; 0    ; 0            ; |finalOutput|oneDisplay:C1|BCDtoSevenSegment:G3                               ; BCDtoSevenSegment  ; work         ;
;       |mod10Count:G2|                   ; 7 (0)               ; 4 (0)                     ; 0           ; 0            ; 0       ; 0         ; 0    ; 0            ; |finalOutput|oneDisplay:C1|mod10Count:G2                                      ; mod10Count         ; work         ;
;          |fourBitRippleCarry:G2|        ; 2 (0)               ; 0 (0)                     ; 0           ; 0            ; 0       ; 0         ; 0    ; 0            ; |finalOutput|oneDisplay:C1|mod10Count:G2|fourBitRippleCarry:G2                ; fourBitRippleCarry ; work         ;
;             |half_adder:g2|             ; 2 (2)               ; 0 (0)                     ; 0           ; 0            ; 0       ; 0         ; 0    ; 0            ; |finalOutput|oneDisplay:C1|mod10Count:G2|fourBitRippleCarry:G2|half_adder:g2  ; half_adder         ; work         ;
;          |fourByDFF1:m101|              ; 5 (0)               ; 4 (0)                     ; 0           ; 0            ; 0       ; 0         ; 0    ; 0            ; |finalOutput|oneDisplay:C1|mod10Count:G2|fourByDFF1:m101                      ; fourByDFF1         ; work         ;
;             |DFF0:d1|                   ; 1 (1)               ; 1 (1)                     ; 0           ; 0            ; 0       ; 0         ; 0    ; 0            ; |finalOutput|oneDisplay:C1|mod10Count:G2|fourByDFF1:m101|DFF0:d1              ; DFF0               ; work         ;
;             |DFF0:d2|                   ; 2 (2)               ; 1 (1)                     ; 0           ; 0            ; 0       ; 0         ; 0    ; 0            ; |finalOutput|oneDisplay:C1|mod10Count:G2|fourByDFF1:m101|DFF0:d2              ; DFF0               ; work         ;
;             |DFF0:d3|                   ; 1 (1)               ; 1 (1)                     ; 0           ; 0            ; 0       ; 0         ; 0    ; 0            ; |finalOutput|oneDisplay:C1|mod10Count:G2|fourByDFF1:m101|DFF0:d3              ; DFF0               ; work         ;
;             |DFF0:d4|                   ; 1 (1)               ; 1 (1)                     ; 0           ; 0            ; 0       ; 0         ; 0    ; 0            ; |finalOutput|oneDisplay:C1|mod10Count:G2|fourByDFF1:m101|DFF0:d4              ; DFF0               ; work         ;
;    |oneDisplay:D1|                      ; 13 (0)              ; 4 (0)                     ; 0           ; 0            ; 0       ; 0         ; 0    ; 0            ; |finalOutput|oneDisplay:D1                                                    ; oneDisplay         ; work         ;
;       |BCDtoSevenSegment:G3|            ; 7 (7)               ; 0 (0)                     ; 0           ; 0            ; 0       ; 0         ; 0    ; 0            ; |finalOutput|oneDisplay:D1|BCDtoSevenSegment:G3                               ; BCDtoSevenSegment  ; work         ;
;       |mod10Count:G2|                   ; 6 (0)               ; 4 (0)                     ; 0           ; 0            ; 0       ; 0         ; 0    ; 0            ; |finalOutput|oneDisplay:D1|mod10Count:G2                                      ; mod10Count         ; work         ;
;          |fourBitRippleCarry:G2|        ; 1 (0)               ; 0 (0)                     ; 0           ; 0            ; 0       ; 0         ; 0    ; 0            ; |finalOutput|oneDisplay:D1|mod10Count:G2|fourBitRippleCarry:G2                ; fourBitRippleCarry ; work         ;
;             |half_adder:g2|             ; 1 (1)               ; 0 (0)                     ; 0           ; 0            ; 0       ; 0         ; 0    ; 0            ; |finalOutput|oneDisplay:D1|mod10Count:G2|fourBitRippleCarry:G2|half_adder:g2  ; half_adder         ; work         ;
;          |fourByDFF1:m101|              ; 5 (0)               ; 4 (0)                     ; 0           ; 0            ; 0       ; 0         ; 0    ; 0            ; |finalOutput|oneDisplay:D1|mod10Count:G2|fourByDFF1:m101                      ; fourByDFF1         ; work         ;
;             |DFF0:d1|                   ; 1 (1)               ; 1 (1)                     ; 0           ; 0            ; 0       ; 0         ; 0    ; 0            ; |finalOutput|oneDisplay:D1|mod10Count:G2|fourByDFF1:m101|DFF0:d1              ; DFF0               ; work         ;
;             |DFF0:d2|                   ; 2 (2)               ; 1 (1)                     ; 0           ; 0            ; 0       ; 0         ; 0    ; 0            ; |finalOutput|oneDisplay:D1|mod10Count:G2|fourByDFF1:m101|DFF0:d2              ; DFF0               ; work         ;
;             |DFF0:d3|                   ; 1 (1)               ; 1 (1)                     ; 0           ; 0            ; 0       ; 0         ; 0    ; 0            ; |finalOutput|oneDisplay:D1|mod10Count:G2|fourByDFF1:m101|DFF0:d3              ; DFF0               ; work         ;
;             |DFF0:d4|                   ; 1 (1)               ; 1 (1)                     ; 0           ; 0            ; 0       ; 0         ; 0    ; 0            ; |finalOutput|oneDisplay:D1|mod10Count:G2|fourByDFF1:m101|DFF0:d4              ; DFF0               ; work         ;
;    |oneDisplayC6:A1|                    ; 15 (0)              ; 4 (0)                     ; 0           ; 0            ; 0       ; 0         ; 0    ; 0            ; |finalOutput|oneDisplayC6:A1                                                  ; oneDisplayC6       ; work         ;
;       |BCDtoSevenSegment:G3|            ; 7 (7)               ; 0 (0)                     ; 0           ; 0            ; 0       ; 0         ; 0    ; 0            ; |finalOutput|oneDisplayC6:A1|BCDtoSevenSegment:G3                             ; BCDtoSevenSegment  ; work         ;
;       |mod6Count:G2|                    ; 8 (3)               ; 4 (0)                     ; 0           ; 0            ; 0       ; 0         ; 0    ; 0            ; |finalOutput|oneDisplayC6:A1|mod6Count:G2                                     ; mod6Count          ; work         ;
;          |fourBitRippleCarry:G2|        ; 1 (0)               ; 0 (0)                     ; 0           ; 0            ; 0       ; 0         ; 0    ; 0            ; |finalOutput|oneDisplayC6:A1|mod6Count:G2|fourBitRippleCarry:G2               ; fourBitRippleCarry ; work         ;
;             |half_adder:g2|             ; 1 (1)               ; 0 (0)                     ; 0           ; 0            ; 0       ; 0         ; 0    ; 0            ; |finalOutput|oneDisplayC6:A1|mod6Count:G2|fourBitRippleCarry:G2|half_adder:g2 ; half_adder         ; work         ;
;          |fourByDFF2:m61|               ; 4 (0)               ; 4 (0)                     ; 0           ; 0            ; 0       ; 0         ; 0    ; 0            ; |finalOutput|oneDisplayC6:A1|mod6Count:G2|fourByDFF2:m61                      ; fourByDFF2         ; work         ;
;             |DFF0:d1|                   ; 1 (1)               ; 1 (1)                     ; 0           ; 0            ; 0       ; 0         ; 0    ; 0            ; |finalOutput|oneDisplayC6:A1|mod6Count:G2|fourByDFF2:m61|DFF0:d1              ; DFF0               ; work         ;
;             |DFF0:d2|                   ; 1 (1)               ; 1 (1)                     ; 0           ; 0            ; 0       ; 0         ; 0    ; 0            ; |finalOutput|oneDisplayC6:A1|mod6Count:G2|fourByDFF2:m61|DFF0:d2              ; DFF0               ; work         ;
;             |DFF0:d3|                   ; 1 (1)               ; 1 (1)                     ; 0           ; 0            ; 0       ; 0         ; 0    ; 0            ; |finalOutput|oneDisplayC6:A1|mod6Count:G2|fourByDFF2:m61|DFF0:d3              ; DFF0               ; work         ;
;             |DFF0:d4|                   ; 1 (1)               ; 1 (1)                     ; 0           ; 0            ; 0       ; 0         ; 0    ; 0            ; |finalOutput|oneDisplayC6:A1|mod6Count:G2|fourByDFF2:m61|DFF0:d4              ; DFF0               ; work         ;
+-----------------------------------------+---------------------+---------------------------+-------------+--------------+---------+-----------+------+--------------+-------------------------------------------------------------------------------+--------------------+--------------+
Note: For table entries with two numbers listed, the numbers in parentheses indicate the number of resources of the given type used by the specific entity alone. The numbers listed outside of parentheses indicate the total resources of the given type used by the specific entity and all of its sub-entities in the hierarchy.


+------------------------------------------------------+
; General Register Statistics                          ;
+----------------------------------------------+-------+
; Statistic                                    ; Value ;
+----------------------------------------------+-------+
; Total registers                              ; 36    ;
; Number of registers using Synchronous Clear  ; 0     ;
; Number of registers using Synchronous Load   ; 0     ;
; Number of registers using Asynchronous Clear ; 0     ;
; Number of registers using Asynchronous Load  ; 0     ;
; Number of registers using Clock Enable       ; 0     ;
; Number of registers using Preset             ; 0     ;
+----------------------------------------------+-------+


+----------------------------------------------------------------------------------------------------------------+
; Port Connectivity Checks: "oneDisplayC6:A1|mod6Count:G2|fourBitRippleCarry:G2"                                 ;
+------+--------+----------+-------------------------------------------------------------------------------------+
; Port ; Type   ; Severity ; Details                                                                             ;
+------+--------+----------+-------------------------------------------------------------------------------------+
; cout ; Output ; Info     ; Connected to dangling logic. Logic that only feeds a dangling port will be removed. ;
+------+--------+----------+-------------------------------------------------------------------------------------+


+----------------------------------------------------------------------------------------------------------------+
; Port Connectivity Checks: "oneDisplay:D1|mod10Count:G2|fourBitRippleCarry:G2"                                  ;
+------+--------+----------+-------------------------------------------------------------------------------------+
; Port ; Type   ; Severity ; Details                                                                             ;
+------+--------+----------+-------------------------------------------------------------------------------------+
; cout ; Output ; Info     ; Connected to dangling logic. Logic that only feeds a dangling port will be removed. ;
+------+--------+----------+-------------------------------------------------------------------------------------+


+-------------------------------------------------------------------------------------------------------------------------------------------------------------------------------------------------------------------+
; Port Connectivity Checks: "TFF0:T1"                                                                                                                                                                               ;
+-----------+-------+----------+------------------------------------------------------------------------------------------------------------------------------------------------------------------------------------+
; Port      ; Type  ; Severity ; Details                                                                                                                                                                            ;
+-----------+-------+----------+------------------------------------------------------------------------------------------------------------------------------------------------------------------------------------+
; data      ; Input ; Warning  ; Input port expression (32 bits) is wider than the input port (1 bits) it drives.  The 31 most-significant bit(s) in the expression will be dangling if they have no other fanouts. ;
; data[-1]  ; Input ; Info     ; Stuck at VCC                                                                                                                                                                       ;
; reset     ; Input ; Warning  ; Input port expression (32 bits) is wider than the input port (1 bits) it drives.  The 31 most-significant bit(s) in the expression will be dangling if they have no other fanouts. ;
; reset[-1] ; Input ; Info     ; Stuck at GND                                                                                                                                                                       ;
+-----------+-------+----------+------------------------------------------------------------------------------------------------------------------------------------------------------------------------------------+


+-----------------------------------------------------------------------------------------------------------------------------------------------------------------------------------------------------------------+
; Port Connectivity Checks: "clk_divider:c1"                                                                                                                                                                      ;
+---------+-------+----------+------------------------------------------------------------------------------------------------------------------------------------------------------------------------------------+
; Port    ; Type  ; Severity ; Details                                                                                                                                                                            ;
+---------+-------+----------+------------------------------------------------------------------------------------------------------------------------------------------------------------------------------------+
; rst     ; Input ; Warning  ; Input port expression (32 bits) is wider than the input port (1 bits) it drives.  The 31 most-significant bit(s) in the expression will be dangling if they have no other fanouts. ;
; rst[-1] ; Input ; Info     ; Stuck at GND                                                                                                                                                                       ;
+---------+-------+----------+------------------------------------------------------------------------------------------------------------------------------------------------------------------------------------+


+-----------------------------------------------------+
; Post-Synthesis Netlist Statistics for Top Partition ;
+-----------------------+-----------------------------+
; Type                  ; Count                       ;
+-----------------------+-----------------------------+
; boundary_port         ; 31                          ;
; cycloneiii_ff         ; 36                          ;
;     plain             ; 36                          ;
; cycloneiii_lcell_comb ; 82                          ;
;     normal            ; 82                          ;
;         1 data inputs ; 20                          ;
;         2 data inputs ; 1                           ;
;         3 data inputs ; 27                          ;
;         4 data inputs ; 34                          ;
;                       ;                             ;
; Max LUT depth         ; 5.00                        ;
; Average LUT depth     ; 2.21                        ;
+-----------------------+-----------------------------+


+-------------------------------+
; Elapsed Time Per Partition    ;
+----------------+--------------+
; Partition Name ; Elapsed Time ;
+----------------+--------------+
; Top            ; 00:00:00     ;
+----------------+--------------+


+-------------------------------+
; Analysis & Synthesis Messages ;
+-------------------------------+
Info: *******************************************************************
Info: Running Quartus Prime Analysis & Synthesis
    Info: Version 21.1.1 Build 850 06/23/2022 SJ Lite Edition
    Info: Processing started: Mon Nov 21 17:14:38 2022
Info: Command: quartus_map --read_settings_files=on --write_settings_files=off dldFinal -c dldFinal
Warning (18236): Number of processors has not been specified which may cause overloading on shared machines.  Set the global assignment NUM_PARALLEL_PROCESSORS in your QSF to an appropriate value for best performance.
Info (20030): Parallel compilation is enabled and will use 4 of the 4 processors detected
Info (12021): Found 1 design units, including 1 entities, in source file tflipflop.v
    Info (12023): Found entity 1: TFF0 File: D:/dldFinalQuartus/TFlipflop.v Line: 1
Info (12021): Found 1 design units, including 1 entities, in source file onedisplayc6.v
    Info (12023): Found entity 1: oneDisplayC6 File: D:/dldFinalQuartus/oneDisplayC6.v Line: 1
Info (12021): Found 2 design units, including 2 entities, in source file mod6count.v
    Info (12023): Found entity 1: mod6Count File: D:/dldFinalQuartus/mod6Count.v Line: 1
    Info (12023): Found entity 2: fourByDFF2 File: D:/dldFinalQuartus/mod6Count.v Line: 24
Info (12021): Found 1 design units, including 1 entities, in source file finaloutput.v
    Info (12023): Found entity 1: finalOutput File: D:/dldFinalQuartus/finalOutput.v Line: 1
Info (12021): Found 1 design units, including 1 entities, in source file dflipflop.v
    Info (12023): Found entity 1: DFF0 File: D:/dldFinalQuartus/DFlipflop.v Line: 1
Info (12021): Found 1 design units, including 1 entities, in source file clk_divider.v
    Info (12023): Found entity 1: clk_divider File: D:/dldFinalQuartus/Clk_divider.v Line: 2
Info (12021): Found 1 design units, including 1 entities, in source file onedisplay.v
    Info (12023): Found entity 1: oneDisplay File: D:/dldFinalQuartus/oneDisplay.v Line: 1
Info (12021): Found 1 design units, including 1 entities, in source file bcdtosevensegment.v
    Info (12023): Found entity 1: BCDtoSevenSegment File: D:/dldFinalQuartus/BCDtoSevenSegment.v Line: 1
Info (12021): Found 1 design units, including 1 entities, in source file half_adder.v
    Info (12023): Found entity 1: half_adder File: D:/dldFinalQuartus/half_adder.v Line: 1
Info (12021): Found 1 design units, including 1 entities, in source file fourbitripplecarry.v
    Info (12023): Found entity 1: fourBitRippleCarry File: D:/dldFinalQuartus/fourBitRippleCarry.v Line: 1
Info (12021): Found 2 design units, including 2 entities, in source file mod10count.v
    Info (12023): Found entity 1: mod10Count File: D:/dldFinalQuartus/mod10Count.v Line: 1
    Info (12023): Found entity 2: fourByDFF1 File: D:/dldFinalQuartus/mod10Count.v Line: 24
Info (12127): Elaborating entity "finalOutput" for the top level hierarchy
Info (12128): Elaborating entity "clk_divider" for hierarchy "clk_divider:c1" File: D:/dldFinalQuartus/finalOutput.v Line: 17
Info (12128): Elaborating entity "DFF0" for hierarchy "clk_divider:c1|DFF0:dff_inst0" File: D:/dldFinalQuartus/Clk_divider.v Line: 14
Info (12128): Elaborating entity "TFF0" for hierarchy "TFF0:T1" File: D:/dldFinalQuartus/finalOutput.v Line: 19
Info (12128): Elaborating entity "oneDisplay" for hierarchy "oneDisplay:D1" File: D:/dldFinalQuartus/finalOutput.v Line: 23
Info (12128): Elaborating entity "mod10Count" for hierarchy "oneDisplay:D1|mod10Count:G2" File: D:/dldFinalQuartus/oneDisplay.v Line: 9
Warning (10230): Verilog HDL assignment warning at mod10Count.v(17): truncated value with size 32 to match size of target (1) File: D:/dldFinalQuartus/mod10Count.v Line: 17
Info (12128): Elaborating entity "fourByDFF1" for hierarchy "oneDisplay:D1|mod10Count:G2|fourByDFF1:m101" File: D:/dldFinalQuartus/mod10Count.v Line: 15
Info (12128): Elaborating entity "fourBitRippleCarry" for hierarchy "oneDisplay:D1|mod10Count:G2|fourBitRippleCarry:G2" File: D:/dldFinalQuartus/mod10Count.v Line: 19
Info (12128): Elaborating entity "half_adder" for hierarchy "oneDisplay:D1|mod10Count:G2|fourBitRippleCarry:G2|half_adder:g1" File: D:/dldFinalQuartus/fourBitRippleCarry.v Line: 8
Info (12128): Elaborating entity "BCDtoSevenSegment" for hierarchy "oneDisplay:D1|BCDtoSevenSegment:G3" File: D:/dldFinalQuartus/oneDisplay.v Line: 11
Info (12128): Elaborating entity "oneDisplayC6" for hierarchy "oneDisplayC6:A1" File: D:/dldFinalQuartus/finalOutput.v Line: 31
Info (12128): Elaborating entity "mod6Count" for hierarchy "oneDisplayC6:A1|mod6Count:G2" File: D:/dldFinalQuartus/oneDisplayC6.v Line: 9
Warning (10230): Verilog HDL assignment warning at mod6Count.v(17): truncated value with size 32 to match size of target (1) File: D:/dldFinalQuartus/mod6Count.v Line: 17
Info (12128): Elaborating entity "fourByDFF2" for hierarchy "oneDisplayC6:A1|mod6Count:G2|fourByDFF2:m61" File: D:/dldFinalQuartus/mod6Count.v Line: 15
Warning (12241): 2 hierarchies have connectivity warnings - see the Connectivity Checks report folder
Info (286030): Timing-Driven Synthesis is running
Info (144001): Generated suppressed messages file D:/dldFinalQuartus/output_files/dldFinal.map.smsg
Info (16010): Generating hard_block partition "hard_block:auto_generated_inst"
    Info (16011): Adding 0 node(s), including 0 DDIO, 0 PLL, 0 transceiver and 0 LCELL
Info (21057): Implemented 113 device resources after synthesis - the final resource count might be different
    Info (21058): Implemented 3 input pins
    Info (21059): Implemented 28 output pins
    Info (21061): Implemented 82 logic cells
Info: Quartus Prime Analysis & Synthesis was successful. 0 errors, 4 warnings
    Info: Peak virtual memory: 4799 megabytes
    Info: Processing ended: Mon Nov 21 17:14:51 2022
    Info: Elapsed time: 00:00:13
    Info: Total CPU time (on all processors): 00:00:16


+------------------------------------------+
; Analysis & Synthesis Suppressed Messages ;
+------------------------------------------+
The suppressed messages can be found in D:/dldFinalQuartus/output_files/dldFinal.map.smsg.


